// Jest Snapshot v1, https://goo.gl/fbAQLP

exports[`Dashboard component matches snapshot 1`] = `
<DocumentFragment>
  <div
    class="mt-8 bg-white w-full max-w-xl rounded-md m-4 pt-4 shadow-sm"
  >
    <div
      class="px-4 flex items-center justify-between"
    >
      <div
        class="flex items-center"
      >
        <span>
          Icon
        </span>
        <h2
          class="font-semibold"
        >
          Sales
        </h2>
      </div>
      <span>
        Icon
      </span>
      <div>
        Additional sales information
      </div>
    </div>
    <p
      class="my-4 text-sm text-gray-500 px-4"
    >
      You had 
      <strong>
        10 uploads
      </strong>
       and 
      <strong>
        20
      </strong>
       lines added.
    </p>
    <div
      class="grid grid-cols-1 sm:grid-cols-2 border-t"
    >
      <div
        class="sm:border-r-2 p-4"
      >
        <p
          class="text-green-600 font-bold text-4xl"
        >
          10%
        </p>
        <p
          class="text-gray-400 text-sm font-semibold"
        >
          UPLOAD SUCCESS
        </p>
      </div>
      <div
        class="p-4 border-t sm:border-0"
      >
        <p
          class="text-green-600 font-bold text-4xl"
        >
          30%
        </p>
        <p
          class="text-gray-400 text-sm font-semibold"
        >
          LINES SAVED
        </p>
      </div>
    </div>
  </div>
</DocumentFragment>
`;
